MO i2cSlave NULL i2cSlave.v vlg41/i2c_slave.bin 1297494929
MO Clock_Block NULL Clock_Block.v vlg3A/_clock___block.bin 1298500650
MO serialInterface NULL serialInterface.v vlg09/serial_interface.bin 1297494929
MO Super_PWM NULL Super_PWM.v vlg62/_super___p_w_m.bin 1298500650
MO blk_mem_gen_v4_3 NULL ipcore_dir/blk_mem_gen_v4_3.v vlg0F/blk__mem__gen__v4__3.bin 1298500650
MO SPI_Slave NULL SPI_Slave.v vlg4A/_s_p_i___slave.bin 1298500650
MO SPI_SerDes NULL SPI_SerDes.v vlg39/_s_p_i___ser_des.bin 1298500650
MO DCM1 NULL ipcore_dir/DCM1.v vlg71/_d_c_m1.bin 1297492580
MO OctalTristateIO NULL OctalTristateIO.v vlg6B/_octal_tristate_i_o.bin 1296354213
